/home/zilong.wang/bounded-leave/hwcontracts/code/verification/contractgen/src/main/resources/cva6/outdir/core/slpp_all/lib/work/core/core/include/ariane_dm_pkg.sv /home/zilong.wang/bounded-leave/hwcontracts/code/verification/contractgen/src/main/resources/cva6/outdir/core/core/include/ariane_dm_pkg.sv
/home/zilong.wang/bounded-leave/hwcontracts/code/verification/contractgen/src/main/resources/cva6/outdir/core/slpp_all/lib/work/core/core/include/cv32a6_imac_sv32_config_pkg.sv /home/zilong.wang/bounded-leave/hwcontracts/code/verification/contractgen/src/main/resources/cva6/outdir/core/core/include/cv32a6_imac_sv32_config_pkg.sv
/home/zilong.wang/bounded-leave/hwcontracts/code/verification/contractgen/src/main/resources/cva6/outdir/core/slpp_all/lib/work/core/core/include/riscv_pkg.sv /home/zilong.wang/bounded-leave/hwcontracts/code/verification/contractgen/src/main/resources/cva6/outdir/core/core/include/riscv_pkg.sv
/home/zilong.wang/bounded-leave/hwcontracts/code/verification/contractgen/src/main/resources/cva6/outdir/core/slpp_all/lib/work/core/core/include/ariane_pkg.sv /home/zilong.wang/bounded-leave/hwcontracts/code/verification/contractgen/src/main/resources/cva6/outdir/core/core/include/ariane_pkg.sv
/home/zilong.wang/bounded-leave/hwcontracts/code/verification/contractgen/src/main/resources/cva6/outdir/core/slpp_all/lib/work/core/core/include/cvxif_pkg.sv /home/zilong.wang/bounded-leave/hwcontracts/code/verification/contractgen/src/main/resources/cva6/outdir/core/core/include/cvxif_pkg.sv
/home/zilong.wang/bounded-leave/hwcontracts/code/verification/contractgen/src/main/resources/cva6/outdir/core/slpp_all/lib/work/core/vendor/pulp-platform/common_cells/src/cf_math_pkg.sv /home/zilong.wang/bounded-leave/hwcontracts/code/verification/contractgen/src/main/resources/cva6/outdir/core/vendor/pulp-platform/common_cells/src/cf_math_pkg.sv
/home/zilong.wang/bounded-leave/hwcontracts/code/verification/contractgen/src/main/resources/cva6/outdir/core/slpp_all/lib/work/core/vendor/pulp-platform/axi/src/axi_pkg.sv /home/zilong.wang/bounded-leave/hwcontracts/code/verification/contractgen/src/main/resources/cva6/outdir/core/vendor/pulp-platform/axi/src/axi_pkg.sv
/home/zilong.wang/bounded-leave/hwcontracts/code/verification/contractgen/src/main/resources/cva6/outdir/core/slpp_all/lib/work/core/core/include/cvxif_pkg.sv /home/zilong.wang/bounded-leave/hwcontracts/code/verification/contractgen/src/main/resources/cva6/outdir/core/core/include/cvxif_pkg.sv
/home/zilong.wang/bounded-leave/hwcontracts/code/verification/contractgen/src/main/resources/cva6/outdir/core/slpp_all/lib/work/core/core/include/acc_pkg.sv /home/zilong.wang/bounded-leave/hwcontracts/code/verification/contractgen/src/main/resources/cva6/outdir/core/core/include/acc_pkg.sv
/home/zilong.wang/bounded-leave/hwcontracts/code/verification/contractgen/src/main/resources/cva6/outdir/core/slpp_all/lib/work/core/vendor/openhwgroup/cvfpu/src/fpnew_pkg.sv /home/zilong.wang/bounded-leave/hwcontracts/code/verification/contractgen/src/main/resources/cva6/outdir/core/vendor/openhwgroup/cvfpu/src/fpnew_pkg.sv
/home/zilong.wang/bounded-leave/hwcontracts/code/verification/contractgen/src/main/resources/cva6/outdir/core/slpp_all/lib/work/include/rvfi_pkg.sv /home/zilong.wang/bounded-leave/hwcontracts/code/verification/contractgen/src/main/resources/cva6/outdir/include/rvfi_pkg.sv
/home/zilong.wang/bounded-leave/hwcontracts/code/verification/contractgen/src/main/resources/cva6/outdir/core/slpp_all/lib/work/include/cva6_axi_pkg.sv /home/zilong.wang/bounded-leave/hwcontracts/code/verification/contractgen/src/main/resources/cva6/outdir/include/cva6_axi_pkg.sv
/home/zilong.wang/bounded-leave/hwcontracts/code/verification/contractgen/src/main/resources/cva6/outdir/core/slpp_all/lib/work/core/core/include/wt_cache_pkg.sv /home/zilong.wang/bounded-leave/hwcontracts/code/verification/contractgen/src/main/resources/cva6/outdir/core/core/include/wt_cache_pkg.sv
/home/zilong.wang/bounded-leave/hwcontracts/code/verification/contractgen/src/main/resources/cva6/outdir/core/slpp_all/lib/work/core/core/frontend/instr_scan.sv /home/zilong.wang/bounded-leave/hwcontracts/code/verification/contractgen/src/main/resources/cva6/outdir/core/core/frontend/instr_scan.sv
/home/zilong.wang/bounded-leave/hwcontracts/code/verification/contractgen/src/main/resources/cva6/outdir/core/slpp_all/lib/work/core/vendor/pulp-platform/common_cells/src/unread.sv /home/zilong.wang/bounded-leave/hwcontracts/code/verification/contractgen/src/main/resources/cva6/outdir/core/vendor/pulp-platform/common_cells/src/unread.sv
/home/zilong.wang/bounded-leave/hwcontracts/code/verification/contractgen/src/main/resources/cva6/outdir/core/slpp_all/lib/work/core/core/frontend/instr_queue.sv /home/zilong.wang/bounded-leave/hwcontracts/code/verification/contractgen/src/main/resources/cva6/outdir/core/core/frontend/instr_queue.sv
/home/zilong.wang/bounded-leave/hwcontracts/code/verification/contractgen/src/main/resources/cva6/outdir/core/slpp_all/lib/work/core/core/instr_realign.sv /home/zilong.wang/bounded-leave/hwcontracts/code/verification/contractgen/src/main/resources/cva6/outdir/core/core/instr_realign.sv
/home/zilong.wang/bounded-leave/hwcontracts/code/verification/contractgen/src/main/resources/cva6/outdir/core/slpp_all/lib/work/core/core/frontend/ras.sv /home/zilong.wang/bounded-leave/hwcontracts/code/verification/contractgen/src/main/resources/cva6/outdir/core/core/frontend/ras.sv
/home/zilong.wang/bounded-leave/hwcontracts/code/verification/contractgen/src/main/resources/cva6/outdir/core/slpp_all/lib/work/core/vendor/pulp-platform/common_cells/src/fifo_v3.sv /home/zilong.wang/bounded-leave/hwcontracts/code/verification/contractgen/src/main/resources/cva6/outdir/core/vendor/pulp-platform/common_cells/src/fifo_v3.sv
/home/zilong.wang/bounded-leave/hwcontracts/code/verification/contractgen/src/main/resources/cva6/outdir/core/slpp_all/lib/work/core/vendor/pulp-platform/common_cells/src/lzc.sv /home/zilong.wang/bounded-leave/hwcontracts/code/verification/contractgen/src/main/resources/cva6/outdir/core/vendor/pulp-platform/common_cells/src/lzc.sv
/home/zilong.wang/bounded-leave/hwcontracts/code/verification/contractgen/src/main/resources/cva6/outdir/core/slpp_all/lib/work/core/vendor/pulp-platform/common_cells/src/popcount.sv /home/zilong.wang/bounded-leave/hwcontracts/code/verification/contractgen/src/main/resources/cva6/outdir/core/vendor/pulp-platform/common_cells/src/popcount.sv
/home/zilong.wang/bounded-leave/hwcontracts/code/verification/contractgen/src/main/resources/cva6/outdir/core/slpp_all/lib/work/core/core/frontend/btb.sv /home/zilong.wang/bounded-leave/hwcontracts/code/verification/contractgen/src/main/resources/cva6/outdir/core/core/frontend/btb.sv
/home/zilong.wang/bounded-leave/hwcontracts/code/verification/contractgen/src/main/resources/cva6/outdir/core/slpp_all/lib/work/core/core/frontend/bht.sv /home/zilong.wang/bounded-leave/hwcontracts/code/verification/contractgen/src/main/resources/cva6/outdir/core/core/frontend/bht.sv
/home/zilong.wang/bounded-leave/hwcontracts/code/verification/contractgen/src/main/resources/cva6/outdir/core/slpp_all/lib/work/core/core/frontend/frontend.sv /home/zilong.wang/bounded-leave/hwcontracts/code/verification/contractgen/src/main/resources/cva6/outdir/core/core/frontend/frontend.sv
/home/zilong.wang/bounded-leave/hwcontracts/code/verification/contractgen/src/main/resources/cva6/outdir/core/slpp_all/lib/work/core/core/compressed_decoder.sv /home/zilong.wang/bounded-leave/hwcontracts/code/verification/contractgen/src/main/resources/cva6/outdir/core/core/compressed_decoder.sv
/home/zilong.wang/bounded-leave/hwcontracts/code/verification/contractgen/src/main/resources/cva6/outdir/core/slpp_all/lib/work/core/core/decoder.sv /home/zilong.wang/bounded-leave/hwcontracts/code/verification/contractgen/src/main/resources/cva6/outdir/core/core/decoder.sv
/home/zilong.wang/bounded-leave/hwcontracts/code/verification/contractgen/src/main/resources/cva6/outdir/core/slpp_all/lib/work/core/core/id_stage.sv /home/zilong.wang/bounded-leave/hwcontracts/code/verification/contractgen/src/main/resources/cva6/outdir/core/core/id_stage.sv
/home/zilong.wang/bounded-leave/hwcontracts/code/verification/contractgen/src/main/resources/cva6/outdir/core/slpp_all/lib/work/core/core/alu.sv /home/zilong.wang/bounded-leave/hwcontracts/code/verification/contractgen/src/main/resources/cva6/outdir/core/core/alu.sv
/home/zilong.wang/bounded-leave/hwcontracts/code/verification/contractgen/src/main/resources/cva6/outdir/core/slpp_all/lib/work/core/core/branch_unit.sv /home/zilong.wang/bounded-leave/hwcontracts/code/verification/contractgen/src/main/resources/cva6/outdir/core/core/branch_unit.sv
/home/zilong.wang/bounded-leave/hwcontracts/code/verification/contractgen/src/main/resources/cva6/outdir/core/slpp_all/lib/work/core/core/csr_buffer.sv /home/zilong.wang/bounded-leave/hwcontracts/code/verification/contractgen/src/main/resources/cva6/outdir/core/core/csr_buffer.sv
/home/zilong.wang/bounded-leave/hwcontracts/code/verification/contractgen/src/main/resources/cva6/outdir/core/slpp_all/lib/work/core/core/multiplier.sv /home/zilong.wang/bounded-leave/hwcontracts/code/verification/contractgen/src/main/resources/cva6/outdir/core/core/multiplier.sv
/home/zilong.wang/bounded-leave/hwcontracts/code/verification/contractgen/src/main/resources/cva6/outdir/core/slpp_all/lib/work/core/core/serdiv.sv /home/zilong.wang/bounded-leave/hwcontracts/code/verification/contractgen/src/main/resources/cva6/outdir/core/core/serdiv.sv
/home/zilong.wang/bounded-leave/hwcontracts/code/verification/contractgen/src/main/resources/cva6/outdir/core/slpp_all/lib/work/core/core/mult.sv /home/zilong.wang/bounded-leave/hwcontracts/code/verification/contractgen/src/main/resources/cva6/outdir/core/core/mult.sv
/home/zilong.wang/bounded-leave/hwcontracts/code/verification/contractgen/src/main/resources/cva6/outdir/core/slpp_all/lib/work/core/vendor/pulp-platform/common_cells/src/lfsr.sv /home/zilong.wang/bounded-leave/hwcontracts/code/verification/contractgen/src/main/resources/cva6/outdir/core/vendor/pulp-platform/common_cells/src/lfsr.sv
/home/zilong.wang/bounded-leave/hwcontracts/code/verification/contractgen/src/main/resources/cva6/outdir/core/slpp_all/lib/work/core/common/local/util/tc_sram_wrapper.sv /home/zilong.wang/bounded-leave/hwcontracts/code/verification/contractgen/src/main/resources/cva6/outdir/core/common/local/util/tc_sram_wrapper.sv
/home/zilong.wang/bounded-leave/hwcontracts/code/verification/contractgen/src/main/resources/cva6/outdir/core/slpp_all/lib/work/core/tc_sram.v /home/zilong.wang/bounded-leave/hwcontracts/code/verification/contractgen/src/main/resources/cva6/outdir/core/tc_sram.v
/home/zilong.wang/bounded-leave/hwcontracts/code/verification/contractgen/src/main/resources/cva6/outdir/core/slpp_all/lib/work/core/common/local/util/sram.sv /home/zilong.wang/bounded-leave/hwcontracts/code/verification/contractgen/src/main/resources/cva6/outdir/core/common/local/util/sram.sv
/home/zilong.wang/bounded-leave/hwcontracts/code/verification/contractgen/src/main/resources/cva6/outdir/core/slpp_all/lib/work/core/core/store_buffer.sv /home/zilong.wang/bounded-leave/hwcontracts/code/verification/contractgen/src/main/resources/cva6/outdir/core/core/store_buffer.sv
/home/zilong.wang/bounded-leave/hwcontracts/code/verification/contractgen/src/main/resources/cva6/outdir/core/slpp_all/lib/work/core/core/amo_buffer.sv /home/zilong.wang/bounded-leave/hwcontracts/code/verification/contractgen/src/main/resources/cva6/outdir/core/core/amo_buffer.sv
/home/zilong.wang/bounded-leave/hwcontracts/code/verification/contractgen/src/main/resources/cva6/outdir/core/slpp_all/lib/work/core/core/store_unit.sv /home/zilong.wang/bounded-leave/hwcontracts/code/verification/contractgen/src/main/resources/cva6/outdir/core/core/store_unit.sv
/home/zilong.wang/bounded-leave/hwcontracts/code/verification/contractgen/src/main/resources/cva6/outdir/core/slpp_all/lib/work/core/core/load_unit.sv /home/zilong.wang/bounded-leave/hwcontracts/code/verification/contractgen/src/main/resources/cva6/outdir/core/core/load_unit.sv
/home/zilong.wang/bounded-leave/hwcontracts/code/verification/contractgen/src/main/resources/cva6/outdir/core/slpp_all/lib/work/core/vendor/pulp-platform/common_cells/src/shift_reg.sv /home/zilong.wang/bounded-leave/hwcontracts/code/verification/contractgen/src/main/resources/cva6/outdir/core/vendor/pulp-platform/common_cells/src/shift_reg.sv
/home/zilong.wang/bounded-leave/hwcontracts/code/verification/contractgen/src/main/resources/cva6/outdir/core/slpp_all/lib/work/core/vendor/pulp-platform/common_cells/src/shift_reg.sv /home/zilong.wang/bounded-leave/hwcontracts/code/verification/contractgen/src/main/resources/cva6/outdir/core/vendor/pulp-platform/common_cells/src/shift_reg.sv
/home/zilong.wang/bounded-leave/hwcontracts/code/verification/contractgen/src/main/resources/cva6/outdir/core/slpp_all/lib/work/core/core/lsu_bypass.sv /home/zilong.wang/bounded-leave/hwcontracts/code/verification/contractgen/src/main/resources/cva6/outdir/core/core/lsu_bypass.sv
/home/zilong.wang/bounded-leave/hwcontracts/code/verification/contractgen/src/main/resources/cva6/outdir/core/slpp_all/lib/work/core/core/load_store_unit.sv /home/zilong.wang/bounded-leave/hwcontracts/code/verification/contractgen/src/main/resources/cva6/outdir/core/core/load_store_unit.sv
/home/zilong.wang/bounded-leave/hwcontracts/code/verification/contractgen/src/main/resources/cva6/outdir/core/slpp_all/lib/work/core/core/ex_stage.sv /home/zilong.wang/bounded-leave/hwcontracts/code/verification/contractgen/src/main/resources/cva6/outdir/core/core/ex_stage.sv
/home/zilong.wang/bounded-leave/hwcontracts/code/verification/contractgen/src/main/resources/cva6/outdir/core/slpp_all/lib/work/core/core/re_name.sv /home/zilong.wang/bounded-leave/hwcontracts/code/verification/contractgen/src/main/resources/cva6/outdir/core/core/re_name.sv
/home/zilong.wang/bounded-leave/hwcontracts/code/verification/contractgen/src/main/resources/cva6/outdir/core/slpp_all/lib/work/core/vendor/pulp-platform/common_cells/src/rr_arb_tree.sv /home/zilong.wang/bounded-leave/hwcontracts/code/verification/contractgen/src/main/resources/cva6/outdir/core/vendor/pulp-platform/common_cells/src/rr_arb_tree.sv
/home/zilong.wang/bounded-leave/hwcontracts/code/verification/contractgen/src/main/resources/cva6/outdir/core/slpp_all/lib/work/core/core/scoreboard.sv /home/zilong.wang/bounded-leave/hwcontracts/code/verification/contractgen/src/main/resources/cva6/outdir/core/core/scoreboard.sv
/home/zilong.wang/bounded-leave/hwcontracts/code/verification/contractgen/src/main/resources/cva6/outdir/core/slpp_all/lib/work/core/core/ariane_regfile_ff.sv /home/zilong.wang/bounded-leave/hwcontracts/code/verification/contractgen/src/main/resources/cva6/outdir/core/core/ariane_regfile_ff.sv
/home/zilong.wang/bounded-leave/hwcontracts/code/verification/contractgen/src/main/resources/cva6/outdir/core/slpp_all/lib/work/core/core/issue_read_operands.sv /home/zilong.wang/bounded-leave/hwcontracts/code/verification/contractgen/src/main/resources/cva6/outdir/core/core/issue_read_operands.sv
/home/zilong.wang/bounded-leave/hwcontracts/code/verification/contractgen/src/main/resources/cva6/outdir/core/slpp_all/lib/work/core/core/issue_stage.sv /home/zilong.wang/bounded-leave/hwcontracts/code/verification/contractgen/src/main/resources/cva6/outdir/core/core/issue_stage.sv
/home/zilong.wang/bounded-leave/hwcontracts/code/verification/contractgen/src/main/resources/cva6/outdir/core/slpp_all/lib/work/core/core/commit_stage.sv /home/zilong.wang/bounded-leave/hwcontracts/code/verification/contractgen/src/main/resources/cva6/outdir/core/core/commit_stage.sv
/home/zilong.wang/bounded-leave/hwcontracts/code/verification/contractgen/src/main/resources/cva6/outdir/core/slpp_all/lib/work/core/core/csr_regfile.sv /home/zilong.wang/bounded-leave/hwcontracts/code/verification/contractgen/src/main/resources/cva6/outdir/core/core/csr_regfile.sv
/home/zilong.wang/bounded-leave/hwcontracts/code/verification/contractgen/src/main/resources/cva6/outdir/core/slpp_all/lib/work/core/core/perf_counters.sv /home/zilong.wang/bounded-leave/hwcontracts/code/verification/contractgen/src/main/resources/cva6/outdir/core/core/perf_counters.sv
/home/zilong.wang/bounded-leave/hwcontracts/code/verification/contractgen/src/main/resources/cva6/outdir/core/slpp_all/lib/work/core/core/controller.sv /home/zilong.wang/bounded-leave/hwcontracts/code/verification/contractgen/src/main/resources/cva6/outdir/core/core/controller.sv
/home/zilong.wang/bounded-leave/hwcontracts/code/verification/contractgen/src/main/resources/cva6/outdir/core/slpp_all/lib/work/core/core/cache_subsystem/cva6_icache.sv /home/zilong.wang/bounded-leave/hwcontracts/code/verification/contractgen/src/main/resources/cva6/outdir/core/core/cache_subsystem/cva6_icache.sv
/home/zilong.wang/bounded-leave/hwcontracts/code/verification/contractgen/src/main/resources/cva6/outdir/core/slpp_all/lib/work/core/vendor/pulp-platform/common_cells/src/exp_backoff.sv /home/zilong.wang/bounded-leave/hwcontracts/code/verification/contractgen/src/main/resources/cva6/outdir/core/vendor/pulp-platform/common_cells/src/exp_backoff.sv
/home/zilong.wang/bounded-leave/hwcontracts/code/verification/contractgen/src/main/resources/cva6/outdir/core/slpp_all/lib/work/core/core/cache_subsystem/wt_dcache_missunit.sv /home/zilong.wang/bounded-leave/hwcontracts/code/verification/contractgen/src/main/resources/cva6/outdir/core/core/cache_subsystem/wt_dcache_missunit.sv
/home/zilong.wang/bounded-leave/hwcontracts/code/verification/contractgen/src/main/resources/cva6/outdir/core/slpp_all/lib/work/core/core/cache_subsystem/wt_dcache_ctrl.sv /home/zilong.wang/bounded-leave/hwcontracts/code/verification/contractgen/src/main/resources/cva6/outdir/core/core/cache_subsystem/wt_dcache_ctrl.sv
/home/zilong.wang/bounded-leave/hwcontracts/code/verification/contractgen/src/main/resources/cva6/outdir/core/slpp_all/lib/work/core/core/cache_subsystem/wt_dcache_wbuffer.sv /home/zilong.wang/bounded-leave/hwcontracts/code/verification/contractgen/src/main/resources/cva6/outdir/core/core/cache_subsystem/wt_dcache_wbuffer.sv
/home/zilong.wang/bounded-leave/hwcontracts/code/verification/contractgen/src/main/resources/cva6/outdir/core/slpp_all/lib/work/core/core/cache_subsystem/wt_dcache_mem.sv /home/zilong.wang/bounded-leave/hwcontracts/code/verification/contractgen/src/main/resources/cva6/outdir/core/core/cache_subsystem/wt_dcache_mem.sv
/home/zilong.wang/bounded-leave/hwcontracts/code/verification/contractgen/src/main/resources/cva6/outdir/core/slpp_all/lib/work/core/core/cache_subsystem/wt_dcache.sv /home/zilong.wang/bounded-leave/hwcontracts/code/verification/contractgen/src/main/resources/cva6/outdir/core/core/cache_subsystem/wt_dcache.sv
/home/zilong.wang/bounded-leave/hwcontracts/code/verification/contractgen/src/main/resources/cva6/outdir/core/slpp_all/lib/work/core/core/axi_shim.sv /home/zilong.wang/bounded-leave/hwcontracts/code/verification/contractgen/src/main/resources/cva6/outdir/core/core/axi_shim.sv
/home/zilong.wang/bounded-leave/hwcontracts/code/verification/contractgen/src/main/resources/cva6/outdir/core/slpp_all/lib/work/core/core/cache_subsystem/wt_axi_adapter.sv /home/zilong.wang/bounded-leave/hwcontracts/code/verification/contractgen/src/main/resources/cva6/outdir/core/core/cache_subsystem/wt_axi_adapter.sv
/home/zilong.wang/bounded-leave/hwcontracts/code/verification/contractgen/src/main/resources/cva6/outdir/core/slpp_all/lib/work/core/core/cache_subsystem/wt_cache_subsystem.sv /home/zilong.wang/bounded-leave/hwcontracts/code/verification/contractgen/src/main/resources/cva6/outdir/core/core/cache_subsystem/wt_cache_subsystem.sv
/home/zilong.wang/bounded-leave/hwcontracts/code/verification/contractgen/src/main/resources/cva6/outdir/core/slpp_all/lib/work/core/core/cva6.sv /home/zilong.wang/bounded-leave/hwcontracts/code/verification/contractgen/src/main/resources/cva6/outdir/core/core/cva6.sv
